/usr/bin/time: cannot run deepspeed: No such file or directory
Command exited with non-zero status 127
	Command being timed: "deepspeed --include localhost:0,1,2,3 --master_port 29701 --module compose.train.train_compose --deepspeed ./scripts/zero2.json --model_name_or_path /data/ckpt/zhaozhuofan/models/llava-v1.5-7b --pretrain_mm_mlp_adapter /data/ckpt/zhaozhuofan/models/llava-v1.5-7b/mm_projector.bin --version v1 --data_path /data/dataset/zhaozhuofan/Hyper-LLaVA/controlled_functional_v1/instructions/A_only/train.json --image_folder /data/dataset/zhaozhuofan/Hyper-LLaVA --vision_tower /data/ckpt/zhaozhuofan/models/clip-vit-large-patch14-336 --compose_rank 8 --compose_alpha 16 --compose_dropout 0 --compose_expert_ids 0 --compose_trainable_expert_ids 0 --compose_expert_name expert_a --compose_origin_task_id Controlled/A_only --compose_expert_tags controlled,shape-recognition --compose_gates 1 --compose_gate_normalization none --expected_adapter_parameters 19988480 --mm_projector_type mlp2x_gelu --mm_vision_select_layer -2 --mm_use_im_start_end False --mm_use_im_patch_token False --image_aspect_ratio pad --group_by_modality_length True --bf16 True --output_dir /data/ckpt/zhaozhuofan/compose/residual_feasibility_v1/smoke/seed42/expert_a --max_steps 1 --save_strategy no --per_device_train_batch_size 8 --per_device_eval_batch_size 16 --gradient_accumulation_steps 2 --evaluation_strategy no --save_strategy epoch --learning_rate 2e-4 --weight_decay 0 --warmup_ratio 0.03 --lr_scheduler_type cosine --logging_steps 1 --tf32 True --model_max_length 2048 --gradient_checkpointing True --dataloader_num_workers 4 --report_to none --seed 42"
	User time (seconds): 0.00
	System time (seconds): 0.00
	Percent of CPU this job got: ?%
	Elapsed (wall clock) time (h:mm:ss or m:ss): 0:00.00
	Average shared text size (kbytes): 0
	Average unshared data size (kbytes): 0
	Average stack size (kbytes): 0
	Average total size (kbytes): 0
	Maximum resident set size (kbytes): 1076
	Average resident set size (kbytes): 0
	Major (requiring I/O) page faults: 0
	Minor (reclaiming a frame) page faults: 26
	Voluntary context switches: 0
	Involuntary context switches: 0
	Swaps: 0
	File system inputs: 0
	File system outputs: 8
	Socket messages sent: 0
	Socket messages received: 0
	Signals delivered: 0
	Page size (bytes): 4096
	Exit status: 127
