6e482bd0af2716abb183dd9d7d05d56ec6541edb84c0f24334c0ab9e7525c7a8  /data/dataset/zhaozhuofan/controlled_functional_v1/instructions/A_only/test.json
b1ce1cf49e813175ee54795f41c7a9c97018fb48f31caa122f068ab3a8f8d81d  /data/dataset/zhaozhuofan/controlled_functional_v1/instructions/A_only/test_eval.json
ddb01ee4b0eb1fd6c5bcfbe63aef1f8198a2660c7ce85c008f2c4d4fb8da704c  /data/dataset/zhaozhuofan/controlled_functional_v1/instructions/A_only/train.json
ea509641abcdf7216ad7b243d56a7acddca69233d352466f9e5df2d8b5474be2  /data/dataset/zhaozhuofan/controlled_functional_v1/instructions/A_only/train_eval.json
6cd8e8b7b37a8507a0584e5ad19d8850b035f5994cb2e203852e23793de99063  /data/dataset/zhaozhuofan/controlled_functional_v1/instructions/A_only/val.json
bfb9981175f4dfa0612cddabfcfa5130f784d0efe888f96ca92c3c825db5b64d  /data/dataset/zhaozhuofan/controlled_functional_v1/instructions/A_only/val_eval.json
7a043fc96f0ea917d72830985c35e6b5756c81f69ccd62645c870ee1ed610013  /data/dataset/zhaozhuofan/controlled_functional_v1/instructions/A_plus_B/test.json
beead493a7eaf26f256b626d74674e219f7d2604cdc72a77a63ced0282d5fa01  /data/dataset/zhaozhuofan/controlled_functional_v1/instructions/A_plus_B/test_eval.json
f57965822cee9072523aad1a081a7f279b1a60eaf284dd1bf5a527025e66f73f  /data/dataset/zhaozhuofan/controlled_functional_v1/instructions/A_plus_B/train.json
d2710221b989be1eb50ff45b17b88586d7441c9b47d7923d405bb6b67fce4aee  /data/dataset/zhaozhuofan/controlled_functional_v1/instructions/A_plus_B/train_eval.json
588567c7ba4c18b9006ece173b5e50496a23b52350baffb879b2d31be361c375  /data/dataset/zhaozhuofan/controlled_functional_v1/instructions/A_plus_B/val.json
a8709a6926c0c32ee01613566671d2287242dd4a13c7d4dd8e7c4d676ac393ce  /data/dataset/zhaozhuofan/controlled_functional_v1/instructions/A_plus_B/val_eval.json
d35f401665d25e3539e99223382524e521be5219999c51be9c35e05801bf0db1  /data/dataset/zhaozhuofan/controlled_functional_v1/instructions/A_plus_C/test.json
c0d903f33e50203975d0281ff28b4a138c02b037138d88181f0084fe24a738f0  /data/dataset/zhaozhuofan/controlled_functional_v1/instructions/A_plus_C/test_eval.json
d385d5d38b9b31bc9b9cb9b6d52d097fc68caf04e74517e5bdc2ab31a85b6d04  /data/dataset/zhaozhuofan/controlled_functional_v1/instructions/A_plus_C/train.json
fe44cd0b6a4078b28a173716365b354e4a6acb8c9cb3403c2c7aa5686e7eec9a  /data/dataset/zhaozhuofan/controlled_functional_v1/instructions/A_plus_C/train_eval.json
40af276a924c880d56087f023171a69543707d7378a0e40ae88e8ec3d01901be  /data/dataset/zhaozhuofan/controlled_functional_v1/instructions/A_plus_C/val.json
23029cc8c46025f93d0a43e3ee5380f6efb4bc3e8b949f35547c62d9e0140704  /data/dataset/zhaozhuofan/controlled_functional_v1/instructions/A_plus_C/val_eval.json
69cdc5ad77e9cf1724802eecc8aa77ae17dbbda24844bbc365af97fb3859416c  /data/dataset/zhaozhuofan/controlled_functional_v1/instructions/B_only/test.json
df610005eb8f984f7dc94097cfbb4fa6b4a2cf7504fc535a3eb05f1b5d7390b0  /data/dataset/zhaozhuofan/controlled_functional_v1/instructions/B_only/test_eval.json
e341f5f64dc3fb5a1b2fdd95b0b26810326a48984ca6613f3a8eccf2642d7c80  /data/dataset/zhaozhuofan/controlled_functional_v1/instructions/B_only/train.json
155c99262e3a09982fae2ff28462e806649251aac085cd87239354d41958a840  /data/dataset/zhaozhuofan/controlled_functional_v1/instructions/B_only/train_eval.json
1afdd75ba6d51c81de16e205de469dc685232a1d47311e432917820d20406101  /data/dataset/zhaozhuofan/controlled_functional_v1/instructions/B_only/val.json
96fe78fce1a27b8ab814b0e36db23eef490380136c2ccfc3a33df9c19d57aa39  /data/dataset/zhaozhuofan/controlled_functional_v1/instructions/B_only/val_eval.json
00303de6e6dd829b113d41338d7149463b44c54c841b857635c4678523ea2dda  /data/dataset/zhaozhuofan/controlled_functional_v1/instructions/B_plus_C/test.json
fb25f41eccd9c90166c84e3c0a2aa3662ca7dffd7f025aa84423dde10b01bfb2  /data/dataset/zhaozhuofan/controlled_functional_v1/instructions/B_plus_C/test_eval.json
d8ce7492df579d5875d534d5f27ad840f75887f92b2e22c1e524b9a35760377a  /data/dataset/zhaozhuofan/controlled_functional_v1/instructions/B_plus_C/train.json
ddce8dffa6b62f803c5926b85e9cb79ea11ad0e53eff1072befef8ccd70e23ad  /data/dataset/zhaozhuofan/controlled_functional_v1/instructions/B_plus_C/train_eval.json
1a3785661a841af19601e45609c219a5f40cd260e20f00da2afda46931519dd5  /data/dataset/zhaozhuofan/controlled_functional_v1/instructions/B_plus_C/val.json
b77969998634d3558e72e61ee0e1f5d2f81b490475952f03a1c02f2e5d017528  /data/dataset/zhaozhuofan/controlled_functional_v1/instructions/B_plus_C/val_eval.json
d0a333dd9d4fd8ed3ed5acf4e04345f57241e89a1dfda03c2e4821cbf2adf580  /data/dataset/zhaozhuofan/controlled_functional_v1/instructions/C_only/test.json
967b220758d75996eef264e528281f24118e277b1ccf8870f7ef1097d055c8b5  /data/dataset/zhaozhuofan/controlled_functional_v1/instructions/C_only/test_eval.json
bdaf36860cdd273b78b5997b39f4317d97539e98460d905c74bf87819f576c2a  /data/dataset/zhaozhuofan/controlled_functional_v1/instructions/C_only/train.json
813920c78f3febd1ca0f835ed9f6a5e66c76cd1755aba6ad41475c507b3621c5  /data/dataset/zhaozhuofan/controlled_functional_v1/instructions/C_only/train_eval.json
7da899a4c6094b7b998b84049c13ea14444d084f478f70ae8e106859ef9af44c  /data/dataset/zhaozhuofan/controlled_functional_v1/instructions/C_only/val.json
37e9ca204f12c4fc3197d227ecd5582e0e10ef2857d1b83303c6eefa73757986  /data/dataset/zhaozhuofan/controlled_functional_v1/instructions/C_only/val_eval.json
